// Jest Snapshot v1, https://goo.gl/fbAQLP

exports[`matches snapshot 1`] = `
<div
  className="sc-bczRLJ gIwRId"
  data-testid="productimage"
>
  <img
    className="sc-dkzDqf gRVFrI"
  />
  <article
    className="sc-hKMtZM bQLcuJ"
    data-testid="productbutton"
  >
    <div
      className="sc-eCYdqJ bMkDvt"
    >
      <p
        className="sc-iBkjds dIztKO"
        data-testid="np"
      >
         
      </p>
      <h2
        className="sc-jSMfEi imCpJA"
        data-testid="title"
      />
      <p
        className="sc-gKXOVf dgecyH"
        data-testid="subtitle"
      />
    </div>
    <a
      className="sc-ftvSup KzLBC"
      color="primary"
      data-testid="productbutton-undefined"
      hover="primary"
      href=""
      onClick={[Function]}
    />
  </article>
</div>
`;
