// Jest Snapshot v1, https://goo.gl/fbAQLP

exports[`matches snapshot 1`] = `
<div
  className="sc-gKXOVf gxdfrb"
  data-testid="shop"
>
  <div
    className="sc-dkzDqf dIMyJo"
    data-testid="singlemenu"
  >
    <img
      alt="headphone"
      className="sc-eCYdqJ jebgBi"
      data-testid="alt"
      src="imageheadphones.png"
    />
    <p
      className="sc-hKMtZM"
      data-testid="textlabel"
    >
      HEADPHONES
    </p>
    <a
      className="sc-bczRLJ hcrMJw"
      color="tertiary"
      data-testid="shopheadphone"
      hover="tertiary"
      href="/headphones"
      onClick={[Function]}
    >
      Shop
      <span>
        &gt;
      </span>
    </a>
  </div>
  <div
    className="sc-dkzDqf dIMyJo"
    data-testid="singlemenu"
  >
    <img
      alt="speaker"
      className="sc-eCYdqJ jebgBi"
      data-testid="alt"
      src="imagespeakers.png"
    />
    <p
      className="sc-hKMtZM"
      data-testid="textlabel"
    >
      SPEAKERS
    </p>
    <a
      className="sc-bczRLJ hcrMJw"
      color="tertiary"
      data-testid="shopspeakers"
      hover="tertiary"
      href="/speakers"
      onClick={[Function]}
    >
      Shop
      <span>
        &gt;
      </span>
    </a>
  </div>
  <div
    className="sc-dkzDqf dIMyJo"
    data-testid="singlemenu"
  >
    <img
      alt="earphone"
      className="sc-eCYdqJ jebgBi"
      data-testid="alt"
      src="imageearphones.png"
    />
    <p
      className="sc-hKMtZM"
      data-testid="textlabel"
    >
      EARPHONES
    </p>
    <a
      className="sc-bczRLJ hcrMJw"
      color="tertiary"
      data-testid="shopearphones"
      hover="tertiary"
      href="/earphones"
      onClick={[Function]}
    >
      Shop
      <span>
        &gt;
      </span>
    </a>
  </div>
</div>
`;
