// Jest Snapshot v1, https://goo.gl/fbAQLP

exports[`matches  snapshot 1`] = `
<section
  className="sc-eCYdqJ kjZOWd"
  data-testid="earphone"
>
  <div
    className="sc-jSMfEi fwShuz"
  />
  <div
    className="sc-jSMfEi iUnqkz"
  >
    <div
      className="sc-dkzDqf"
    >
      <h4
        className="sc-hKMtZM cXPvZu"
        data-testid="title"
      >
        YX1 EARPHONES
      </h4>
      <a
        className="sc-bczRLJ cwyJdT"
        color="secondary"
        hover="secondary"
        href="/yx1"
        onClick={[Function]}
      >
        SEE PRODUCT
      </a>
    </div>
  </div>
</section>
`;
