// Jest Snapshot v1, https://goo.gl/fbAQLP

exports[`matches snapshot 1`] = `
<section
  className="sc-papXJ bxEehH"
  data-testid="earphone"
>
  <div
    className="sc-bczRLJ gIwRId"
    data-testid="productimage"
  >
    <img
      alt="YX1 wireless earphones"
      className="sc-dkzDqf gRVFrI"
      src="earphoneDesktop.jpg"
    />
    <article
      className="sc-hKMtZM bQLcuJ"
      data-testid="productbutton"
    >
      <div
        className="sc-eCYdqJ bMkDvt"
      >
        <p
          className="sc-iBkjds dIztKO"
          data-testid="np"
        >
           
          NEW PRODUCT
        </p>
        <h2
          className="sc-jSMfEi imCpJA"
          data-testid="title"
        >
          YX1 wireless earphones
        </h2>
        <p
          className="sc-gKXOVf dgecyH"
          data-testid="subtitle"
        >
          Tailor your listening experience with bespoke dynamic drivers from the new YX1 Wireless Earphones. Enjoy incredible high-fidelity sound even in noisy environments with its active noise cancellation feature.
        </p>
      </div>
      <a
        className="sc-ftvSup KzLBC"
        color="primary"
        data-testid="productbutton-YX1 wireless earphones"
        hover="primary"
        href="/yx1"
        onClick={[Function]}
      >
        SEE PRODUCT
      </a>
    </article>
  </div>
</section>
`;
